
> nw-london-local-ledger@0.1.0 build
> next build

  Γû▓ Next.js 14.2.35
  - Experiments (use with caution):
    ┬╖ cpus
    ┬╖ externalDir
    ┬╖ workerThreads
    ┬╖ scrollRestoration

   Creating an optimized production build ...
node.exe : Failed to compile.
At line:1 char:1
+ & "C:\Program 
Files\nodejs/node.exe" "C:\Program 
Files\nodejs/node_mo ...
+ ~~~~~~~~~~~~~~~~~~~~~~~~~~~~~~~~~~~~
~~~~~~~~~~~~~~~~~~~~~~~~~~~~~~~~~
    + CategoryInfo          : NotSpec 
   ified: (Failed to compile.:String  
  ) [], RemoteException
    + FullyQualifiedErrorId : NativeC 
   ommandError
 

./src/lib/cache/redis.ts
Error: 
  [31mx[0m the name `client` is 
defined multiple times
     ,-[[36;1;4mC:\Users\rossd\nw-lon
don-local-ledger\src\lib\cache\redis.t
s[0m:219:1]
 [2m219[0m |  */
 [2m220[0m | export async function 
deleteCacheByTag(tag: string): 
Promise<number> {
 [2m221[0m |   try {
 [2m222[0m |     const client = 
await getClient();
     : [31;1m          ^^^|^^[0m
     :              [31;1m`-- 
[31;1mprevious definition of 
`client` here[0m[0m
 [2m223[0m |     // Get all keys 
with this tag
 [2m224[0m |     const keys = await 
client.sMembers(`${TAG_PREFIX}${tag}`)
;
 [2m225[0m | 
 [2m226[0m |     if (keys.length 
=== 0) return 0;
 [2m227[0m | 
 [2m228[0m |     // Delete all keys
 [2m229[0m |     for (const key of 
keys) {
 [2m230[0m |       await 
deleteCache(key);
 [2m231[0m |     }
 [2m232[0m | 
 [2m233[0m |     // Clean up the 
tag set
 [2m234[0m |     const client = 
await getClient();
     : [33;1m          ^^^|^^[0m
     :              [33;1m`-- 
[33;1m`client` redefined here[0m[0m
 [2m235[0m |     await 
client.del(`${TAG_PREFIX}${tag}`);
 [2m236[0m | 
 [2m236[0m |     return keys.length;
     `----

Import trace for requested module:
./src/lib/cache/redis.ts
./src/app/api/areas/route.ts

./src/lib/cache/redis.ts
Error: 
  [31mx[0m the name `client` is 
defined multiple times
     ,-[[36;1;4mC:\Users\rossd\nw-lon
don-local-ledger\src\lib\cache\redis.t
s[0m:219:1]
 [2m219[0m |  */
 [2m220[0m | export async function 
deleteCacheByTag(tag: string): 
Promise<number> {
 [2m221[0m |   try {
 [2m222[0m |     const client = 
await getClient();
     : [31;1m          ^^^|^^[0m
     :              [31;1m`-- 
[31;1mprevious definition of 
`client` here[0m[0m
 [2m223[0m |     // Get all keys 
with this tag
 [2m224[0m |     const keys = await 
client.sMembers(`${TAG_PREFIX}${tag}`)
;
 [2m225[0m | 
 [2m226[0m |     if (keys.length 
=== 0) return 0;
 [2m227[0m | 
 [2m228[0m |     // Delete all keys
 [2m229[0m |     for (const key of 
keys) {
 [2m230[0m |       await 
deleteCache(key);
 [2m231[0m |     }
 [2m232[0m | 
 [2m233[0m |     // Clean up the 
tag set
 [2m234[0m |     const client = 
await getClient();
     : [33;1m          ^^^|^^[0m
     :              [33;1m`-- 
[33;1m`client` redefined here[0m[0m
 [2m235[0m |     await 
client.del(`${TAG_PREFIX}${tag}`);
 [2m236[0m | 
 [2m236[0m |     return keys.length;
     `----

Import trace for requested module:
./src/lib/cache/redis.ts
./src/lib/queues/workers/index.ts
./src/pages/api/admin/queues/health.ts


> Build failed because of webpack 
errors
